// Jest Snapshot v1, https://goo.gl/fbAQLP

exports[`NonfungiblePositionManager #burn gas 1`] = `66076`;

exports[`NonfungiblePositionManager #collect gas transfers both 1`] = `131777`;

exports[`NonfungiblePositionManager #collect gas transfers token0 only 1`] = `124751`;

exports[`NonfungiblePositionManager #collect gas transfers token1 only 1`] = `124967`;

exports[`NonfungiblePositionManager #createAndInitializePoolIfNecessary gas 1`] = `3801859`;

exports[`NonfungiblePositionManager #decreaseLiquidity gas complete decrease 1`] = `154341`;

exports[`NonfungiblePositionManager #decreaseLiquidity gas partial decrease 1`] = `168244`;

exports[`NonfungiblePositionManager #increaseLiquidity gas 1`] = `187272`;

exports[`NonfungiblePositionManager #mint gas first mint for pool 1`] = `630158`;

exports[`NonfungiblePositionManager #mint gas first mint for pool using eth with non-zero refund 1`] = `640523`;

exports[`NonfungiblePositionManager #mint gas first mint for pool using eth with zero refund 1`] = `633298`;

exports[`NonfungiblePositionManager #mint gas mint for same pool, different ticks 1`] = `462614`;

exports[`NonfungiblePositionManager #mint gas mint on same ticks 1`] = `355388`;

exports[`NonfungiblePositionManager #permit owned by eoa gas 1`] = `64484`;

exports[`NonfungiblePositionManager #permit owned by verifying contract gas 1`] = `68281`;

exports[`NonfungiblePositionManager #positions gas 1`] = `19912`;

exports[`NonfungiblePositionManager #transferFrom gas 1`] = `109691`;

exports[`NonfungiblePositionManager #transferFrom gas comes from approved 1`] = `108291`;

exports[`NonfungiblePositionManager bytecode size 1`] = `24450`;

exports[`NonfungiblePositionManager multicall exit gas 1`] = `239020`;
