// Jest Snapshot v1, https://goo.gl/fbAQLP

exports[`PositionValue #fees when price is above the position range gas 1`] = `47916`;

exports[`PositionValue #fees when price is below the position range gas 1`] = `47884`;

exports[`PositionValue #fees when price is within the position range gas 1`] = `53534`;

exports[`PositionValue #principal gas 1`] = `23023`;

exports[`PositionValue #total gas 1`] = `60117`;
