// Jest Snapshot v1, https://goo.gl/fbAQLP

exports[`SwapRouter gas tests #exactInput 0 -> 1 -> 2 1`] = `189498`;

exports[`SwapRouter gas tests #exactInput 0 -> 1 1`] = `117520`;

exports[`SwapRouter gas tests #exactInput 0 -> 1 minimal 1`] = `106761`;

exports[`SwapRouter gas tests #exactInput 0 -> WETH9 1`] = `137273`;

exports[`SwapRouter gas tests #exactInput 2 trades (via router) 1`] = `205766`;

exports[`SwapRouter gas tests #exactInput 3 trades (directly to sender) 1`] = `282805`;

exports[`SwapRouter gas tests #exactInput WETH9 -> 0 1`] = `115831`;

exports[`SwapRouter gas tests #exactInputSingle 0 -> 1 1`] = `116919`;

exports[`SwapRouter gas tests #exactInputSingle 0 -> WETH9 1`] = `136666`;

exports[`SwapRouter gas tests #exactInputSingle WETH9 -> 0 1`] = `115230`;

exports[`SwapRouter gas tests #exactOutput 0 -> 1 -> 2 1`] = `186443`;

exports[`SwapRouter gas tests #exactOutput 0 -> 1 1`] = `121460`;

exports[`SwapRouter gas tests #exactOutput 0 -> WETH9 1`] = `138524`;

exports[`SwapRouter gas tests #exactOutput WETH9 -> 0 1`] = `129401`;

exports[`SwapRouter gas tests #exactOutputSingle 0 -> 1 1`] = `121604`;

exports[`SwapRouter gas tests #exactOutputSingle 0 -> WETH9 1`] = `138668`;

exports[`SwapRouter gas tests #exactOutputSingle WETH9 -> 0 1`] = `124010`;

exports[`SwapRouter gas tests 3 trades (directly to sender) 1`] = `196370`;
